
> moxlite-web@0.1.0 build
> next build

   Γû▓ Next.js 15.5.12

   Skipping linting
   Checking validity of types ...
   Creating an optimized production build ...
 Γ£ô Compiled successfully in 5.7s
   Collecting page data ...
   Generating static pages (0/7) ...
   Generating static pages (1/7) 
   Generating static pages (3/7) 
   Generating static pages (5/7) 
 Γ£ô Generating static pages (7/7)
   Finalizing page optimization ...
   Collecting build traces ...

Route (pages)                                 Size  First Load JS
Γöî ╞Æ /                                       160 kB         333 kB
Γö£   /_app                                      0 B         106 kB
Γö£ Γùï /404                                   2.28 kB         108 kB
Γö£ ╞Æ /about                                 4.59 kB         193 kB
Γö£ ╞Æ /api/hello                                 0 B         106 kB
Γö£ Γùï /contact (1103 ms)                     1.65 kB         156 kB
Γö£ ╞Æ /faq                                   1.05 kB         155 kB
Γö£ Γùï /maintenance (1108 ms)                   645 B         107 kB
Γö£ ╞Æ /news                                    918 B         180 kB
Γö£ ╞Æ /news/[slug]                           1.65 kB         209 kB
Γö£ Γùï /planner (1103 ms)                       691 B         107 kB
Γö£ Γùï /planner/stage-3d (1102 ms)             144 kB         252 kB
Γö£ ╞Æ /product                               7.41 kB         162 kB
Γö£ ╞Æ /product/[slug]                        4.48 kB         192 kB
Γö£ ╞Æ /projects                                930 B         180 kB
Γö£ ╞Æ /projects/[slug]                       1.65 kB         209 kB
Γö£ ╞Æ /sales                                 2.78 kB         157 kB
Γö£ Γùï /sales/register (1103 ms)              3.98 kB         158 kB
Γöö ╞Æ /sitemap.xml                             246 B         106 kB
+ First Load JS shared by all               119 kB
  Γö£ chunks/framework-372c62845e5ba996.js   57.5 kB
  Γö£ chunks/main-4f27689ed354034b.js          35 kB
  Γö£ chunks/pages/_app-ab88e47858ebac5d.js  11.1 kB
  Γö£ css/6b39866509b2a0b8.css               13.1 kB
  Γöö other shared chunks (total)            2.54 kB

Γùï  (Static)   prerendered as static content
╞Æ  (Dynamic)  server-rendered on demand

